
> city-of-truth-ministries@0.0.0 server
> npx json-server db.json --port 4000 --watch

--watch/-w can be omitted, JSON Server 1+ watches for file changes by default
node:events:497
      throw er; // Unhandled 'error' event
      ^

Error: listen EADDRINUSE: address already in use :::4000
    at Server.setupListenHandle [as _listen2] (node:net:1940:16)
    at listenInCluster (node:net:1997:12)
    at Server.listen (node:net:2102:7)
    at App.listen (file:///home/jules/.npm/_npx/aff12940958e4bf4/node_modules/@tinyhttp/app/dist/app.js:323:58)
    at file:///home/jules/.npm/_npx/aff12940958e4bf4/node_modules/json-server/lib/bin.js:133:5
Emitted 'error' event on Server instance at:
    at emitErrorNT (node:net:1976:8)
    at process.processTicksAndRejections (node:internal/process/task_queues:89:21) {
  code: 'EADDRINUSE',
  errno: -98,
  syscall: 'listen',
  address: '::',
  port: 4000
}

Node.js v22.22.1
